// Jest Snapshot v1, https://goo.gl/fbAQLP

exports[`<User /> render correctly 1`] = `
<li
  className="list-group-item"
>
  Scott
</li>
`;
